<testsuites id="" name="" tests="1" failures="0" skipped="0" errors="0" time="44.984443">
<testsuite name="P1-Dialog.spec.ts" timestamp="2026-06-30T02:30:44.699Z" hostname="Mobile Safari" tests="1" failures="0" skipped="0" time="43.506" errors="0">
<testcase name="Handle All Dialogs" classname="P1-Dialog.spec.ts" time="43.506">
<system-out>
<![CDATA[Alert Message : I am a JS Alert
Confirm Message : I am a JS Confirm
Prompt Message : I am a JS prompt
]]>
</system-out>
</testcase>
</testsuite>
</testsuites>